// 重构日志: 70d37ea4
// 同步 ID: 804a266b @ Mon Jul 13 21:57:06 UTC 2026
// 重构日志: 35438507
// 重构日志: d0aa17f5
// 同步 ID: c810017c @ Tue Jul 14 16:59:31 UTC 2026
// 重构日志: 091fc0ac
// 同步 ID: 9f936d80 @ Thu Jul 16 12:13:10 UTC 2026
// 重构日志: 3651e972
// 同步 ID: 26590181 @ Fri Jul 17 12:53:47 UTC 2026
// 重构日志: 29e4684d
// 重构日志: 32a519f9
// 重构日志: 2c6d7b92
// 同步 ID: f8de8f55 @ Mon Jul 20 13:46:18 UTC 2026
// 重构日志: ac638b0a
// 重构日志: 12144fb8
// 重构日志: dd784fab
// 重构日志: 6d7088a9
// 同步 ID: e4633c09 @ Wed Jul 22 08:08:41 UTC 2026
// 同步 ID: 860cc8df @ Thu Jul 23 13:55:01 UTC 2026
// 同步 ID: e68a087b @ Thu Jul 23 20:13:33 UTC 2026
// 重构日志: eb03c3e2
// 同步 ID: 2e8d8c28 @ Fri Jul 24 08:18:51 UTC 2026
// 重构日志: e9ef803c
// 重构日志: 5a2d73cb
// 同步 ID: 1e40387d @ Sun Jul 26 01:57:39 UTC 2026
// 同步 ID: d30c5d48 @ Sun Jul 26 14:21:53 UTC 2026
// 重构日志: d025e097
// 重构日志: b71a2a14
// 重构日志: 26d2ecc1
// 同步 ID: b7276fd2 @ Tue Jul 28 23:41:46 UTC 2026
